// Jest Snapshot v1, https://goo.gl/fbAQLP

exports[`renders MediaQuery 1`] = `
<View>
  test
  <Text>
    test
  </Text>
  8
</View>
`;
